opForge 8085 Assembler v1.0
ADDR    BYTES                    LINE  SOURCE
------  -----------------------  ----  ------
----                                1  ; 65816 runtime state assumptions (.assume)
----                                2  ; Demonstrates explicit E/M/X/DBR/PBR/DP assumptions.
----                                3  
----                                4          .cpu 65816
----    EQU 123400                  5          .org $123400
----                                6  
----                                7  start:
----                                8          .assume e=native, m=16, x=16, dbr=$12, pbr=$34, dp=$2000
----                                9  
123400  A9 34 12                   10          lda #$1234          ; A9 34 12 (A is 16-bit)
123403  A2 78 56                   11          ldx #$5678          ; A2 78 56 (X is 16-bit)
123406  AD 56 34                   12          lda $123456         ; AD 56 34 (DBR bank match uses absolute form)
123409  A5 F0                      13          lda $20F0           ; A5 F0 (DP assumption maps absolute address to direct-page offset)
12340B  4C 10 32                   14          jmp $343210         ; 4C 10 32 (PBR bank match uses absolute JMP operand)
----                               15  
12340E  E2 20                      16          sep #$20            ; A back to 8-bit
123410  A9 9A                      17          lda #$9A            ; A9 9A
----                               18  
----                               19          .assume e=emulation ; forces A/X to 8-bit
123412  A2 BC                      20          ldx #$BC            ; A2 BC
----                               21  
123414  60                         22          rts
----                               23  
----                               24          .end

Lines: 24  Errors: 0  Warnings: 0

SYMBOL TABLE

start           : 123400 (1192960)

Total memory is 21 bytes

GENERATED OUTPUT

ADDR    BYTES
------  -----------------------
123400    A9 34 12 A2 78 56 AD 56 34 A5 F0 4C 10 32 E2 20
123410    A9 9A A2 BC 60
