opForge Assembler v0.9.3
ADDR    BYTES                    LINE  SOURCE
------  -----------------------  ----  ------
----                                1  ; Motorola 6809 indexed-mode baseline fixture
----                                2  .cpu m6809
----    EQU 1000                    3  .org $1000
----                                4  
----                                5  start
1000    A6 00                       6      LDA ,X
1002    A6 88 20                    7      LDA $20,X
1005    A6 A6                       8      LDA A,Y
1007    A6 98 20                    9      LDA [$20,X]
100A    A6 96                      10      LDA [A,X]
100C    A6 9F 12 34                11      LDA [$1234]
1010    A6 9C 04                   12      LDA [4,PC]
----                               13      LDB -1,S
   13 |     LDB -1,S
            ^
ERROR: indexed displacement 4294967295 out of range
1013    E7 86                      14      STB A,X
1015    EC C8 10                   15      LDD 16,U
1018    AD 88 20                   16      JSR $20,X
101B    A6 8C 04                   17      LDA 4,PC
101E    39                         18      RTS

Lines: 18  Errors: 1  Warnings: 0

SYMBOL TABLE

start           : 1000 (4096)

Total memory is 31 bytes

GENERATED OUTPUT

ADDR    BYTES
------  -----------------------
1000    A6 00 A6 88 20 A6 A6 A6 98 20 A6 96 A6 9F 12 34
1010    A6 9C 04 E7 86 EC C8 10 AD 88 20 A6 8C 04 39
