opForge 8085 Assembler v1.0
ADDR    BYTES                    LINE  SOURCE
------  -----------------------  ----  ------
----                                1  ; Demonstrate .statement expansion.
----                                2  
----                                3  
----                                4  
----                                5  
----                                6  
----                                7  start:
0000    07                          8      .byte 7
0001    FF                          9      .byte $ff
0002    0A                         10      .byte %1010
0003    FF                         11      .byte 0ffh
0004    05                         12      .byte $05
----                               13      .byte 'b'
   13 |     .byte [31m'[0mb'
ERROR: ope006: string expression is not supported by portable expression VM
----                               14      .byte 'd', 0
   14 |     .byte [31m'[0md', 0
ERROR: ope006: string expression is not supported by portable expression VM
----                               15      .byte 'd', 2
   15 |     .byte [31m'[0md', 2
ERROR: ope006: string expression is not supported by portable expression VM
----                               16      .byte 'l'
   16 |     .byte [31m'[0ml'
ERROR: ope006: string expression is not supported by portable expression VM
----                               17      .byte 'd', 0
   17 |     .byte [31m'[0md', 0
ERROR: ope006: string expression is not supported by portable expression VM
----                               18      .byte 'd', 2
   18 |     .byte [31m'[0md', 2
ERROR: ope006: string expression is not supported by portable expression VM

Lines: 18  Errors: 6  Warnings: 0

SYMBOL TABLE

start           : 0000 (0)

Total memory is 5 bytes

GENERATED OUTPUT

ADDR    BYTES
------  -----------------------
0000    07 FF 0A FF 05
